<?xml version="1.0" encoding="UTF-8"?>
<TestRun id="c48dbe59-5451-4009-9661-a593592fcf8c" name="tao@MACHINE 2010-10-07 22:53:52" runUser="machine\tao" xmlns="http://microsoft.com/schemas/VisualStudio/TeamTest/2010">
  <TestSettings name="Local" id="bf1adf85-08e7-4fff-81f7-4b72055c7bcf">
    <Description>These are default test settings for a local test run.</Description>
    <Deployment enabled="false" runDeploymentRoot="tao_MACHINE 2010-10-07 22_53_52">
      <DeploymentItem filename="C:\dev\concordia\spimi\SPIMI\Spimi\bin\Debug\Spimi.exe" />
      <DeploymentItem filename="C:\dev\concordia\spimi\SPIMI\SpimiTests\lib\Moq\Moq.dll" />
    </Deployment>
    <Execution>
      <TestTypeSpecific />
      <AgentRule name="Execution Agents">
      </AgentRule>
    </Execution>
  </TestSettings>
  <Times creation="2010-10-07T22:53:52.0297505-04:00" queuing="2010-10-07T22:53:52.0397511-04:00" start="2010-10-07T22:53:52.0477516-04:00" finish="2010-10-07T22:53:52.3897689-04:00" />
  <ResultSummary outcome="Completed">
    <Counters total="7" executed="7" passed="7" error="0" failed="0" timeout="0" aborted="0" inconclusive="0" passedButRunAborted="0" notRunnable="0" notExecuted="0" disconnected="0" warning="0" completed="0" inProgress="0" pending="0" />
  </ResultSummary>
  <TestDefinitions>
    <UnitTest name="TestRead" storage="c:\dev\concordia\spimi\spimi\spimitests\bin\debug\spimitests.dll" id="2660be6b-5a2c-5430-9342-1f84296b8647">
      <Execution id="8d34d24c-b425-49e7-a2c9-6506d236bfa6" />
      <TestMethod codeBase="C:/dev/concordia/spimi/SPIMI/SpimiTests/bin/Debug/SpimiTests.DLL" adapterTypeName="Microsoft.VisualStudio.TestTools.TestTypes.Unit.UnitTestAdapter, Microsoft.VisualStudio.QualityTools.Tips.UnitTest.Adapter, Version=10.0.0.0, Culture=neutral, PublicKeyToken=b03f5f7f11d50a3a" className="Concordia.SpimiTests.FileIndexTests, SpimiTests, Version=1.0.0.0, Culture=neutral, PublicKeyToken=153cbfdd2e3353e2" name="TestRead" />
    </UnitTest>
    <UnitTest name="TestRead" storage="c:\dev\concordia\spimi\spimi\spimitests\bin\debug\spimitests.dll" id="add5981a-cd5c-24e5-eaa8-9c92ad4fe5bc">
      <Execution id="db3e2370-92dd-4253-8f25-5444d201994d" />
      <TestMethod codeBase="C:/dev/concordia/spimi/SPIMI/SpimiTests/bin/Debug/SpimiTests.DLL" adapterTypeName="Microsoft.VisualStudio.TestTools.TestTypes.Unit.UnitTestAdapter, Microsoft.VisualStudio.QualityTools.Tips.UnitTest.Adapter, Version=10.0.0.0, Culture=neutral, PublicKeyToken=b03f5f7f11d50a3a" className="Concordia.SpimiTests.SpimiBlockReaderTest, SpimiTests, Version=1.0.0.0, Culture=neutral, PublicKeyToken=153cbfdd2e3353e2" name="TestRead" />
    </UnitTest>
    <UnitTest name="Sanity" storage="c:\dev\concordia\spimi\spimi\spimitests\bin\debug\spimitests.dll" id="0699910b-c928-1f8b-8503-cd8ea60d90bd">
      <Execution id="c768a5bc-9929-490c-97c9-21f6b2c686b2" />
      <TestMethod codeBase="C:/dev/concordia/spimi/SPIMI/SpimiTests/bin/Debug/SpimiTests.DLL" adapterTypeName="Microsoft.VisualStudio.TestTools.TestTypes.Unit.UnitTestAdapter, Microsoft.VisualStudio.QualityTools.Tips.UnitTest.Adapter, Version=10.0.0.0, Culture=neutral, PublicKeyToken=b03f5f7f11d50a3a" className="Concordia.Spimi.Net.Tests.TokenizerTest, SpimiTests, Version=1.0.0.0, Culture=neutral, PublicKeyToken=153cbfdd2e3353e2" name="Sanity" />
    </UnitTest>
    <UnitTest name="TestWrite" storage="c:\dev\concordia\spimi\spimi\spimitests\bin\debug\spimitests.dll" id="96a05ee3-335f-9651-781a-f3369fcea3bb">
      <Execution id="6f4511b3-2a66-4208-a120-f61ed354a79e" />
      <TestMethod codeBase="C:/dev/concordia/spimi/SPIMI/SpimiTests/bin/Debug/SpimiTests.DLL" adapterTypeName="Microsoft.VisualStudio.TestTools.TestTypes.Unit.UnitTestAdapter, Microsoft.VisualStudio.QualityTools.Tips.UnitTest.Adapter, Version=10.0.0.0, Culture=neutral, PublicKeyToken=b03f5f7f11d50a3a" className="Concordia.SpimiTests.SpimiBlockWriterTest, SpimiTests, Version=1.0.0.0, Culture=neutral, PublicKeyToken=153cbfdd2e3353e2" name="TestWrite" />
    </UnitTest>
    <UnitTest name="TestLargeIndex" storage="c:\dev\concordia\spimi\spimi\spimitests\bin\debug\spimitests.dll" id="e34dc288-8331-2539-8456-7f0dd2abb5d7">
      <DeploymentItems>
        <DeploymentItem filename="LoremIpsum.txt" />
      </DeploymentItems>
      <Execution id="080fce1c-d8cd-466d-bbc3-cec4605fe185" />
      <TestMethod codeBase="C:/dev/concordia/spimi/SPIMI/SpimiTests/bin/Debug/SpimiTests.DLL" adapterTypeName="Microsoft.VisualStudio.TestTools.TestTypes.Unit.UnitTestAdapter, Microsoft.VisualStudio.QualityTools.Tips.UnitTest.Adapter, Version=10.0.0.0, Culture=neutral, PublicKeyToken=b03f5f7f11d50a3a" className="Concordia.SpimiTests.SpimiTest, SpimiTests, Version=1.0.0.0, Culture=neutral, PublicKeyToken=153cbfdd2e3353e2" name="TestLargeIndex" />
    </UnitTest>
    <UnitTest name="TestWrite" storage="c:\dev\concordia\spimi\spimi\spimitests\bin\debug\spimitests.dll" id="c7d61e2f-e358-3903-f41e-61ef91bed8d8">
      <Execution id="29bb1575-e22c-4ad6-aef0-c501f87c0c02" />
      <TestMethod codeBase="C:/dev/concordia/spimi/SPIMI/SpimiTests/bin/Debug/SpimiTests.DLL" adapterTypeName="Microsoft.VisualStudio.TestTools.TestTypes.Unit.UnitTestAdapter, Microsoft.VisualStudio.QualityTools.Tips.UnitTest.Adapter, Version=10.0.0.0, Culture=neutral, PublicKeyToken=b03f5f7f11d50a3a" className="Concordia.SpimiTests.FileIndexTests, SpimiTests, Version=1.0.0.0, Culture=neutral, PublicKeyToken=153cbfdd2e3353e2" name="TestWrite" />
    </UnitTest>
    <UnitTest name="TestMerge" storage="c:\dev\concordia\spimi\spimi\spimitests\bin\debug\spimitests.dll" id="0aaa3004-67d3-75b3-4de6-e0211a21c1b5">
      <Execution id="586111ae-1d82-42b7-8d24-feb43676e607" />
      <TestMethod codeBase="C:/dev/concordia/spimi/SPIMI/SpimiTests/bin/Debug/SpimiTests.DLL" adapterTypeName="Microsoft.VisualStudio.TestTools.TestTypes.Unit.UnitTestAdapter, Microsoft.VisualStudio.QualityTools.Tips.UnitTest.Adapter, Version=10.0.0.0, Culture=neutral, PublicKeyToken=b03f5f7f11d50a3a" className="Concordia.SpimiTests.SpimiBlockReaderTest, SpimiTests, Version=1.0.0.0, Culture=neutral, PublicKeyToken=153cbfdd2e3353e2" name="TestMerge" />
    </UnitTest>
  </TestDefinitions>
  <TestLists>
    <TestList name="Results Not in a List" id="8c84fa94-04c1-424b-9868-57a2d4851a1d" />
    <TestList name="All Loaded Results" id="19431567-8539-422a-85d7-44ee4e166bda" />
  </TestLists>
  <TestEntries>
    <TestEntry testId="0699910b-c928-1f8b-8503-cd8ea60d90bd" executionId="c768a5bc-9929-490c-97c9-21f6b2c686b2" testListId="8c84fa94-04c1-424b-9868-57a2d4851a1d" />
    <TestEntry testId="0aaa3004-67d3-75b3-4de6-e0211a21c1b5" executionId="586111ae-1d82-42b7-8d24-feb43676e607" testListId="8c84fa94-04c1-424b-9868-57a2d4851a1d" />
    <TestEntry testId="2660be6b-5a2c-5430-9342-1f84296b8647" executionId="8d34d24c-b425-49e7-a2c9-6506d236bfa6" testListId="8c84fa94-04c1-424b-9868-57a2d4851a1d" />
    <TestEntry testId="96a05ee3-335f-9651-781a-f3369fcea3bb" executionId="6f4511b3-2a66-4208-a120-f61ed354a79e" testListId="8c84fa94-04c1-424b-9868-57a2d4851a1d" />
    <TestEntry testId="add5981a-cd5c-24e5-eaa8-9c92ad4fe5bc" executionId="db3e2370-92dd-4253-8f25-5444d201994d" testListId="8c84fa94-04c1-424b-9868-57a2d4851a1d" />
    <TestEntry testId="c7d61e2f-e358-3903-f41e-61ef91bed8d8" executionId="29bb1575-e22c-4ad6-aef0-c501f87c0c02" testListId="8c84fa94-04c1-424b-9868-57a2d4851a1d" />
    <TestEntry testId="e34dc288-8331-2539-8456-7f0dd2abb5d7" executionId="080fce1c-d8cd-466d-bbc3-cec4605fe185" testListId="8c84fa94-04c1-424b-9868-57a2d4851a1d" />
  </TestEntries>
  <Results>
    <UnitTestResult executionId="c768a5bc-9929-490c-97c9-21f6b2c686b2" testId="0699910b-c928-1f8b-8503-cd8ea60d90bd" testName="Sanity" computerName="MACHINE" duration="00:00:00.0167709" startTime="2010-10-07T22:53:52.0567521-04:00" endTime="2010-10-07T22:53:52.2637628-04:00" testType="13cdc9d9-ddb5-4fa4-a97d-d965ccfc6d4b" outcome="Passed" testListId="8c84fa94-04c1-424b-9868-57a2d4851a1d" relativeResultsDirectory="c768a5bc-9929-490c-97c9-21f6b2c686b2">
    </UnitTestResult>
    <UnitTestResult executionId="586111ae-1d82-42b7-8d24-feb43676e607" testId="0aaa3004-67d3-75b3-4de6-e0211a21c1b5" testName="TestMerge" computerName="MACHINE" duration="00:00:00.0405844" startTime="2010-10-07T22:53:52.2637628-04:00" endTime="2010-10-07T22:53:52.3197649-04:00" testType="13cdc9d9-ddb5-4fa4-a97d-d965ccfc6d4b" outcome="Passed" testListId="8c84fa94-04c1-424b-9868-57a2d4851a1d" relativeResultsDirectory="586111ae-1d82-42b7-8d24-feb43676e607">
    </UnitTestResult>
    <UnitTestResult executionId="8d34d24c-b425-49e7-a2c9-6506d236bfa6" testId="2660be6b-5a2c-5430-9342-1f84296b8647" testName="TestRead" computerName="MACHINE" duration="00:00:00.0090650" startTime="2010-10-07T22:53:52.3217650-04:00" endTime="2010-10-07T22:53:52.3347658-04:00" testType="13cdc9d9-ddb5-4fa4-a97d-d965ccfc6d4b" outcome="Passed" testListId="8c84fa94-04c1-424b-9868-57a2d4851a1d" relativeResultsDirectory="8d34d24c-b425-49e7-a2c9-6506d236bfa6">
    </UnitTestResult>
    <UnitTestResult executionId="6f4511b3-2a66-4208-a120-f61ed354a79e" testId="96a05ee3-335f-9651-781a-f3369fcea3bb" testName="TestWrite" computerName="MACHINE" duration="00:00:00.0019182" startTime="2010-10-07T22:53:52.3367659-04:00" endTime="2010-10-07T22:53:52.3437663-04:00" testType="13cdc9d9-ddb5-4fa4-a97d-d965ccfc6d4b" outcome="Passed" testListId="8c84fa94-04c1-424b-9868-57a2d4851a1d" relativeResultsDirectory="6f4511b3-2a66-4208-a120-f61ed354a79e">
    </UnitTestResult>
    <UnitTestResult executionId="db3e2370-92dd-4253-8f25-5444d201994d" testId="add5981a-cd5c-24e5-eaa8-9c92ad4fe5bc" testName="TestRead" computerName="MACHINE" duration="00:00:00.0024910" startTime="2010-10-07T22:53:52.3457664-04:00" endTime="2010-10-07T22:53:52.3517667-04:00" testType="13cdc9d9-ddb5-4fa4-a97d-d965ccfc6d4b" outcome="Passed" testListId="8c84fa94-04c1-424b-9868-57a2d4851a1d" relativeResultsDirectory="db3e2370-92dd-4253-8f25-5444d201994d">
    </UnitTestResult>
    <UnitTestResult executionId="29bb1575-e22c-4ad6-aef0-c501f87c0c02" testId="c7d61e2f-e358-3903-f41e-61ef91bed8d8" testName="TestWrite" computerName="MACHINE" duration="00:00:00.0015083" startTime="2010-10-07T22:53:52.3537668-04:00" endTime="2010-10-07T22:53:52.3597672-04:00" testType="13cdc9d9-ddb5-4fa4-a97d-d965ccfc6d4b" outcome="Passed" testListId="8c84fa94-04c1-424b-9868-57a2d4851a1d" relativeResultsDirectory="29bb1575-e22c-4ad6-aef0-c501f87c0c02">
    </UnitTestResult>
    <UnitTestResult executionId="080fce1c-d8cd-466d-bbc3-cec4605fe185" testId="e34dc288-8331-2539-8456-7f0dd2abb5d7" testName="TestLargeIndex" computerName="MACHINE" duration="00:00:00.0081031" startTime="2010-10-07T22:53:52.3607672-04:00" endTime="2010-10-07T22:53:52.3777682-04:00" testType="13cdc9d9-ddb5-4fa4-a97d-d965ccfc6d4b" outcome="Passed" testListId="8c84fa94-04c1-424b-9868-57a2d4851a1d" relativeResultsDirectory="080fce1c-d8cd-466d-bbc3-cec4605fe185">
    </UnitTestResult>
  </Results>
</TestRun>