<?xml version="1.0" encoding="UTF-8"?>
<TestRun id="b1beaae0-4557-4b9b-8331-d6f353a5379c" name="tao@MACHINE 2010-10-07 22:54:37" runUser="machine\tao" xmlns="http://microsoft.com/schemas/VisualStudio/TeamTest/2010">
  <TestSettings name="Local" id="bf1adf85-08e7-4fff-81f7-4b72055c7bcf">
    <Description>These are default test settings for a local test run.</Description>
    <Deployment enabled="false" runDeploymentRoot="tao_MACHINE 2010-10-07 22_54_37">
      <DeploymentItem filename="C:\dev\concordia\spimi\SPIMI\Spimi\bin\Debug\Spimi.exe" />
      <DeploymentItem filename="C:\dev\concordia\spimi\SPIMI\SpimiTests\lib\Moq\Moq.dll" />
    </Deployment>
    <Execution>
      <TestTypeSpecific />
      <AgentRule name="Execution Agents">
      </AgentRule>
    </Execution>
  </TestSettings>
  <Times creation="2010-10-07T22:54:37.6628344-04:00" queuing="2010-10-07T22:54:37.6738350-04:00" start="2010-10-07T22:54:37.6948362-04:00" finish="2010-10-07T22:54:38.0358552-04:00" />
  <ResultSummary outcome="Completed">
    <Counters total="7" executed="7" passed="7" error="0" failed="0" timeout="0" aborted="0" inconclusive="0" passedButRunAborted="0" notRunnable="0" notExecuted="0" disconnected="0" warning="0" completed="0" inProgress="0" pending="0" />
  </ResultSummary>
  <TestDefinitions>
    <UnitTest name="ShouldBeSane" storage="c:\dev\concordia\spimi\spimi\spimitests\bin\debug\spimitests.dll" id="f6aea34b-7f50-ff53-098d-cb87e2e12143">
      <Execution id="ef62bd07-82e8-444c-8e55-bc3a32439b91" />
      <TestMethod codeBase="C:/dev/concordia/spimi/SPIMI/SpimiTests/bin/Debug/SpimiTests.DLL" adapterTypeName="Microsoft.VisualStudio.TestTools.TestTypes.Unit.UnitTestAdapter, Microsoft.VisualStudio.QualityTools.Tips.UnitTest.Adapter, Version=10.0.0.0, Culture=neutral, PublicKeyToken=b03f5f7f11d50a3a" className="Concordia.Spimi.Net.Tests.TokenizerTest, SpimiTests, Version=1.0.0.0, Culture=neutral, PublicKeyToken=153cbfdd2e3353e2" name="ShouldBeSane" />
    </UnitTest>
    <UnitTest name="TestRead" storage="c:\dev\concordia\spimi\spimi\spimitests\bin\debug\spimitests.dll" id="2660be6b-5a2c-5430-9342-1f84296b8647">
      <Execution id="0882e6df-3094-4377-970b-23768ac7c8bf" />
      <TestMethod codeBase="C:/dev/concordia/spimi/SPIMI/SpimiTests/bin/Debug/SpimiTests.DLL" adapterTypeName="Microsoft.VisualStudio.TestTools.TestTypes.Unit.UnitTestAdapter, Microsoft.VisualStudio.QualityTools.Tips.UnitTest.Adapter, Version=10.0.0.0, Culture=neutral, PublicKeyToken=b03f5f7f11d50a3a" className="Concordia.SpimiTests.FileIndexTests, SpimiTests, Version=1.0.0.0, Culture=neutral, PublicKeyToken=153cbfdd2e3353e2" name="TestRead" />
    </UnitTest>
    <UnitTest name="TestRead" storage="c:\dev\concordia\spimi\spimi\spimitests\bin\debug\spimitests.dll" id="add5981a-cd5c-24e5-eaa8-9c92ad4fe5bc">
      <Execution id="8a2e06a1-0925-41e8-9bf7-0ab0be0b9966" />
      <TestMethod codeBase="C:/dev/concordia/spimi/SPIMI/SpimiTests/bin/Debug/SpimiTests.DLL" adapterTypeName="Microsoft.VisualStudio.TestTools.TestTypes.Unit.UnitTestAdapter, Microsoft.VisualStudio.QualityTools.Tips.UnitTest.Adapter, Version=10.0.0.0, Culture=neutral, PublicKeyToken=b03f5f7f11d50a3a" className="Concordia.SpimiTests.SpimiBlockReaderTest, SpimiTests, Version=1.0.0.0, Culture=neutral, PublicKeyToken=153cbfdd2e3353e2" name="TestRead" />
    </UnitTest>
    <UnitTest name="TestLargeIndex" storage="c:\dev\concordia\spimi\spimi\spimitests\bin\debug\spimitests.dll" id="e34dc288-8331-2539-8456-7f0dd2abb5d7">
      <DeploymentItems>
        <DeploymentItem filename="LoremIpsum.txt" />
      </DeploymentItems>
      <Execution id="37a85065-5a13-4d2a-bc7e-b86575ce7a93" />
      <TestMethod codeBase="C:/dev/concordia/spimi/SPIMI/SpimiTests/bin/Debug/SpimiTests.DLL" adapterTypeName="Microsoft.VisualStudio.TestTools.TestTypes.Unit.UnitTestAdapter, Microsoft.VisualStudio.QualityTools.Tips.UnitTest.Adapter, Version=10.0.0.0, Culture=neutral, PublicKeyToken=b03f5f7f11d50a3a" className="Concordia.SpimiTests.SpimiTest, SpimiTests, Version=1.0.0.0, Culture=neutral, PublicKeyToken=153cbfdd2e3353e2" name="TestLargeIndex" />
    </UnitTest>
    <UnitTest name="TestWrite" storage="c:\dev\concordia\spimi\spimi\spimitests\bin\debug\spimitests.dll" id="96a05ee3-335f-9651-781a-f3369fcea3bb">
      <Execution id="a80fb71d-f7e2-499a-8508-23b869ef9d36" />
      <TestMethod codeBase="C:/dev/concordia/spimi/SPIMI/SpimiTests/bin/Debug/SpimiTests.DLL" adapterTypeName="Microsoft.VisualStudio.TestTools.TestTypes.Unit.UnitTestAdapter, Microsoft.VisualStudio.QualityTools.Tips.UnitTest.Adapter, Version=10.0.0.0, Culture=neutral, PublicKeyToken=b03f5f7f11d50a3a" className="Concordia.SpimiTests.SpimiBlockWriterTest, SpimiTests, Version=1.0.0.0, Culture=neutral, PublicKeyToken=153cbfdd2e3353e2" name="TestWrite" />
    </UnitTest>
    <UnitTest name="TestWrite" storage="c:\dev\concordia\spimi\spimi\spimitests\bin\debug\spimitests.dll" id="c7d61e2f-e358-3903-f41e-61ef91bed8d8">
      <Execution id="36b17e3e-6a82-4f87-ab1f-3de8aa56695b" />
      <TestMethod codeBase="C:/dev/concordia/spimi/SPIMI/SpimiTests/bin/Debug/SpimiTests.DLL" adapterTypeName="Microsoft.VisualStudio.TestTools.TestTypes.Unit.UnitTestAdapter, Microsoft.VisualStudio.QualityTools.Tips.UnitTest.Adapter, Version=10.0.0.0, Culture=neutral, PublicKeyToken=b03f5f7f11d50a3a" className="Concordia.SpimiTests.FileIndexTests, SpimiTests, Version=1.0.0.0, Culture=neutral, PublicKeyToken=153cbfdd2e3353e2" name="TestWrite" />
    </UnitTest>
    <UnitTest name="TestMerge" storage="c:\dev\concordia\spimi\spimi\spimitests\bin\debug\spimitests.dll" id="0aaa3004-67d3-75b3-4de6-e0211a21c1b5">
      <Execution id="ce5d2118-c201-4452-8f24-f664c8015c7a" />
      <TestMethod codeBase="C:/dev/concordia/spimi/SPIMI/SpimiTests/bin/Debug/SpimiTests.DLL" adapterTypeName="Microsoft.VisualStudio.TestTools.TestTypes.Unit.UnitTestAdapter, Microsoft.VisualStudio.QualityTools.Tips.UnitTest.Adapter, Version=10.0.0.0, Culture=neutral, PublicKeyToken=b03f5f7f11d50a3a" className="Concordia.SpimiTests.SpimiBlockReaderTest, SpimiTests, Version=1.0.0.0, Culture=neutral, PublicKeyToken=153cbfdd2e3353e2" name="TestMerge" />
    </UnitTest>
  </TestDefinitions>
  <TestLists>
    <TestList name="Results Not in a List" id="8c84fa94-04c1-424b-9868-57a2d4851a1d" />
    <TestList name="All Loaded Results" id="19431567-8539-422a-85d7-44ee4e166bda" />
  </TestLists>
  <TestEntries>
    <TestEntry testId="0aaa3004-67d3-75b3-4de6-e0211a21c1b5" executionId="ce5d2118-c201-4452-8f24-f664c8015c7a" testListId="8c84fa94-04c1-424b-9868-57a2d4851a1d" />
    <TestEntry testId="2660be6b-5a2c-5430-9342-1f84296b8647" executionId="0882e6df-3094-4377-970b-23768ac7c8bf" testListId="8c84fa94-04c1-424b-9868-57a2d4851a1d" />
    <TestEntry testId="96a05ee3-335f-9651-781a-f3369fcea3bb" executionId="a80fb71d-f7e2-499a-8508-23b869ef9d36" testListId="8c84fa94-04c1-424b-9868-57a2d4851a1d" />
    <TestEntry testId="add5981a-cd5c-24e5-eaa8-9c92ad4fe5bc" executionId="8a2e06a1-0925-41e8-9bf7-0ab0be0b9966" testListId="8c84fa94-04c1-424b-9868-57a2d4851a1d" />
    <TestEntry testId="c7d61e2f-e358-3903-f41e-61ef91bed8d8" executionId="36b17e3e-6a82-4f87-ab1f-3de8aa56695b" testListId="8c84fa94-04c1-424b-9868-57a2d4851a1d" />
    <TestEntry testId="e34dc288-8331-2539-8456-7f0dd2abb5d7" executionId="37a85065-5a13-4d2a-bc7e-b86575ce7a93" testListId="8c84fa94-04c1-424b-9868-57a2d4851a1d" />
    <TestEntry testId="f6aea34b-7f50-ff53-098d-cb87e2e12143" executionId="ef62bd07-82e8-444c-8e55-bc3a32439b91" testListId="8c84fa94-04c1-424b-9868-57a2d4851a1d" />
  </TestEntries>
  <Results>
    <UnitTestResult executionId="ce5d2118-c201-4452-8f24-f664c8015c7a" testId="0aaa3004-67d3-75b3-4de6-e0211a21c1b5" testName="TestMerge" computerName="MACHINE" duration="00:00:00.0313054" startTime="2010-10-07T22:54:37.7118372-04:00" endTime="2010-10-07T22:54:37.9418504-04:00" testType="13cdc9d9-ddb5-4fa4-a97d-d965ccfc6d4b" outcome="Passed" testListId="8c84fa94-04c1-424b-9868-57a2d4851a1d" relativeResultsDirectory="ce5d2118-c201-4452-8f24-f664c8015c7a">
    </UnitTestResult>
    <UnitTestResult executionId="0882e6df-3094-4377-970b-23768ac7c8bf" testId="2660be6b-5a2c-5430-9342-1f84296b8647" testName="TestRead" computerName="MACHINE" duration="00:00:00.0065600" startTime="2010-10-07T22:54:37.9518509-04:00" endTime="2010-10-07T22:54:37.9678518-04:00" testType="13cdc9d9-ddb5-4fa4-a97d-d965ccfc6d4b" outcome="Passed" testListId="8c84fa94-04c1-424b-9868-57a2d4851a1d" relativeResultsDirectory="0882e6df-3094-4377-970b-23768ac7c8bf">
    </UnitTestResult>
    <UnitTestResult executionId="a80fb71d-f7e2-499a-8508-23b869ef9d36" testId="96a05ee3-335f-9651-781a-f3369fcea3bb" testName="TestWrite" computerName="MACHINE" duration="00:00:00.0020312" startTime="2010-10-07T22:54:37.9698520-04:00" endTime="2010-10-07T22:54:37.9778524-04:00" testType="13cdc9d9-ddb5-4fa4-a97d-d965ccfc6d4b" outcome="Passed" testListId="8c84fa94-04c1-424b-9868-57a2d4851a1d" relativeResultsDirectory="a80fb71d-f7e2-499a-8508-23b869ef9d36">
    </UnitTestResult>
    <UnitTestResult executionId="8a2e06a1-0925-41e8-9bf7-0ab0be0b9966" testId="add5981a-cd5c-24e5-eaa8-9c92ad4fe5bc" testName="TestRead" computerName="MACHINE" duration="00:00:00.0017824" startTime="2010-10-07T22:54:37.9788525-04:00" endTime="2010-10-07T22:54:37.9868529-04:00" testType="13cdc9d9-ddb5-4fa4-a97d-d965ccfc6d4b" outcome="Passed" testListId="8c84fa94-04c1-424b-9868-57a2d4851a1d" relativeResultsDirectory="8a2e06a1-0925-41e8-9bf7-0ab0be0b9966">
    </UnitTestResult>
    <UnitTestResult executionId="36b17e3e-6a82-4f87-ab1f-3de8aa56695b" testId="c7d61e2f-e358-3903-f41e-61ef91bed8d8" testName="TestWrite" computerName="MACHINE" duration="00:00:00.0017715" startTime="2010-10-07T22:54:37.9918532-04:00" endTime="2010-10-07T22:54:37.9988536-04:00" testType="13cdc9d9-ddb5-4fa4-a97d-d965ccfc6d4b" outcome="Passed" testListId="8c84fa94-04c1-424b-9868-57a2d4851a1d" relativeResultsDirectory="36b17e3e-6a82-4f87-ab1f-3de8aa56695b">
    </UnitTestResult>
    <UnitTestResult executionId="37a85065-5a13-4d2a-bc7e-b86575ce7a93" testId="e34dc288-8331-2539-8456-7f0dd2abb5d7" testName="TestLargeIndex" computerName="MACHINE" duration="00:00:00.0106047" startTime="2010-10-07T22:54:38.0008537-04:00" endTime="2010-10-07T22:54:38.0158546-04:00" testType="13cdc9d9-ddb5-4fa4-a97d-d965ccfc6d4b" outcome="Passed" testListId="8c84fa94-04c1-424b-9868-57a2d4851a1d" relativeResultsDirectory="37a85065-5a13-4d2a-bc7e-b86575ce7a93">
    </UnitTestResult>
    <UnitTestResult executionId="ef62bd07-82e8-444c-8e55-bc3a32439b91" testId="f6aea34b-7f50-ff53-098d-cb87e2e12143" testName="ShouldBeSane" computerName="MACHINE" duration="00:00:00.0009130" startTime="2010-10-07T22:54:38.0178547-04:00" endTime="2010-10-07T22:54:38.0228550-04:00" testType="13cdc9d9-ddb5-4fa4-a97d-d965ccfc6d4b" outcome="Passed" testListId="8c84fa94-04c1-424b-9868-57a2d4851a1d" relativeResultsDirectory="ef62bd07-82e8-444c-8e55-bc3a32439b91">
    </UnitTestResult>
  </Results>
</TestRun>